PASS new vertical kind registered
PASS generic association remains separate
PASS family-association template exists
PASS Pune city and area semantics
PASS creation/playground exposed
PASS runtime registered
PASS advanced intelligence hidden from composition
PASS directory includes families and people
PASS explicit add family/member flows
PASS member can be linked to family
PASS profile reuses rich family/professional fields
PASS relationship DB contract complete
PASS temporal annual membership foundation
PASS controlled role catalog/history
PASS finance/carry-forward foundation
PASS awards history foundation
PASS co-admin scope reused safely
PASS Mahesh-inspired theme isolated
PASS directory modes and filters visible
PASS profile thumbnails supported
PASS official membership fields admin governed
PASS dedicated annual operations panel
PASS governed annual operating RPCs
PASS safe lifecycle operations
PASS shared activity likes and comments
PASS generic outcome/pulse hidden from family community home
PASS shared productized seeding preserved
FCA-0 source gate passed (27 checks).

